#0 building with "desktop-linux" instance using docker driver

#1 [internal] load build definition from Dockerfile
#1 transferring dockerfile: 750B 0.0s done
#1 DONE 0.0s

#2 [internal] load metadata for docker.io/library/node:22-bookworm-slim
#2 DONE 1.5s

#3 [internal] load .dockerignore
#3 transferring context: 191B done
#3 DONE 0.0s

#4 [dependencies 1/4] FROM docker.io/library/node:22-bookworm-slim@sha256:43ac6c60b8f89723f746e8a92ce91abd5017e627ce1ddfe4238355d3a30b772c
#4 resolve docker.io/library/node:22-bookworm-slim@sha256:43ac6c60b8f89723f746e8a92ce91abd5017e627ce1ddfe4238355d3a30b772c 0.0s done
#4 DONE 0.0s

#5 [internal] load build context
#5 transferring context: 323.95kB 0.0s done
#5 DONE 0.1s

#6 [dependencies 2/4] WORKDIR /app
#6 CACHED

#7 [dependencies 3/4] COPY package.json package-lock.json ./
#7 CACHED

#8 [dependencies 4/4] RUN npm ci
#8 CACHED

#9 [build 1/2] COPY . .
#9 DONE 0.1s

#10 [build 2/2] RUN npm run build
#10 0.677 
#10 0.677 > academy-lms@1.0.0 build
#10 0.677 > next build
#10 0.677 
#10 1.455 ▲ Next.js 16.3.7 (Turbopack)
#10 1.664 ✓ Running next.config.ts took 208ms
#10 1.687 - Experiments (use with caution):
#10 1.687   ✓ authInterrupts
#10 1.687   · cpus: 2
#10 1.687   · serverActions
#10 1.688 
#10 1.730   Creating an optimized production build ...
