#0 building with "desktop-linux" instance using docker driver

#1 [internal] load build definition from Dockerfile
#1 transferring dockerfile: 750B 0.0s done
#1 DONE 0.0s

#2 [internal] load metadata for docker.io/library/node:22-bookworm-slim
#2 DONE 1.3s

#3 [internal] load .dockerignore
#3 transferring context: 191B done
#3 DONE 0.0s

#4 [dependencies 1/4] FROM docker.io/library/node:22-bookworm-slim@sha256:43ac6c60b8f89723f746e8a92ce91abd5017e627ce1ddfe4238355d3a30b772c
#4 resolve docker.io/library/node:22-bookworm-slim@sha256:43ac6c60b8f89723f746e8a92ce91abd5017e627ce1ddfe4238355d3a30b772c 0.0s done
#4 DONE 0.0s

#5 [internal] load build context
#5 transferring context: 941.91kB 0.1s done
#5 DONE 0.1s

#6 [dependencies 2/4] WORKDIR /app
#6 CACHED

#7 [dependencies 3/4] COPY package.json package-lock.json ./
#7 CACHED

#8 [dependencies 4/4] RUN npm ci
#8 CACHED

#9 [build 1/2] COPY . .
#9 DONE 0.1s

#10 [build 2/2] RUN npm run build
#10 0.503 
#10 0.503 > academy-lms@1.0.0 build
#10 0.503 > next build
#10 0.503 
#10 1.130 ▲ Next.js 16.3.7 (Turbopack)
#10 1.226 ✓ Running next.config.ts took 94ms
#10 1.244 - Experiments (use with caution):
#10 1.244   ✓ authInterrupts
#10 1.244   · cpus: 2
#10 1.244   · serverActions
#10 1.245 
#10 1.284   Creating an optimized production build ...
#10 8.490 ✓ Compiled successfully in 6.7s
#10 8.616   Running TypeScript ...
#10 18.38   Finished TypeScript in 9.8s ...
#10 18.38   Collecting page data using 2 workers ...
#10 19.34   Generating static pages using 2 workers (0/24) ...
#10 19.51   Generating static pages using 2 workers (6/24) 
#10 19.59   Generating static pages using 2 workers (12/24) 
#10 19.61   Generating static pages using 2 workers (18/24) 
#10 19.64 ✓ Generating static pages using 2 workers (24/24) in 299ms
#10 19.65   Finalizing page optimization ...
#10 20.13 
#10 20.13 Route (app)
#10 20.13 ┌ ƒ /
#10 20.13 ├ ƒ /_not-found
#10 20.13 ├ ƒ /admin
#10 20.13 ├ ƒ /admin/analytics
#10 20.13 ├ ƒ /admin/audit
#10 20.13 ├ ƒ /admin/categories
#10 20.13 ├ ƒ /admin/courses
#10 20.13 ├ ƒ /admin/courses/[id]
#10 20.13 ├ ƒ /admin/courses/[id]/preview
#10 20.13 ├ ƒ /admin/media
#10 20.13 ├ ƒ /admin/settings
#10 20.13 ├ ƒ /admin/users
#10 20.13 ├ ƒ /api/auth/[operation]
#10 20.13 ├ ƒ /api/brand/[kind]
#10 20.13 ├ ƒ /api/download/[token]
#10 20.13 ├ ƒ /api/health
#10 20.13 ├ ƒ /api/media/[id]
#10 20.13 ├ ƒ /api/playback/[lessonId]/[blockId]
#10 20.13 ├ ƒ /auth/callback
#10 20.13 ├ ƒ /courses
#10 20.13 ├ ƒ /courses/[slug]
#10 20.13 ├ ƒ /courses/[slug]/lessons/[lessonSlug]
#10 20.13 ├ ƒ /dashboard
#10 20.13 ├ ƒ /forgot-password
#10 20.13 ├ ƒ /library
#10 20.13 ├ ƒ /login
#10 20.13 ├ ƒ /mfa
#10 20.13 ├ ƒ /profile
#10 20.13 ├ ƒ /register
#10 20.13 ├ ƒ /reset-password
#10 20.13 ├ ƒ /robots.txt
#10 20.13 ├ ƒ /saved
#10 20.13 ├ ƒ /search
#10 20.13 └ ƒ /sitemap.xml
#10 20.13 
#10 20.13 
#10 20.13 ƒ Proxy (Middleware)
#10 20.13 
#10 20.13 ƒ  (Dynamic)  server-rendered on demand
#10 20.13 
#10 DONE 20.3s

#11 [runtime 3/6] RUN groupadd --system --gid 1001 academy && useradd --system --uid 1001 --gid academy academy
#11 CACHED

#12 [runtime 4/6] COPY --from=build --chown=academy:academy /app/.next/standalone ./
#12 DONE 0.4s

#13 [runtime 5/6] COPY --from=build --chown=academy:academy /app/.next/static ./.next/static
#13 DONE 0.2s

#14 [runtime 6/6] COPY --from=build --chown=academy:academy /app/public ./public
#14 DONE 0.1s

#15 exporting to image
#15 exporting layers
#15 exporting layers 2.1s done
#15 exporting manifest sha256:4f5039fdef8a883bead8c1bec2ff1ffdb95f0fb67125229cef970e81a52e2719 0.0s done
#15 exporting config sha256:b8be0a9198b4596ca92f2d96ad8d05452ea70560b4f69d558573306b83a3a60a 0.0s done
#15 exporting attestation manifest sha256:d8ddaa52741cd4eb7973b64e95bb21b9e52f26a947f3bc1e1f1e2a109cd4e8e6 0.0s done
#15 exporting manifest list sha256:4b4a91bf7c5af63a34929dd6dbd18f2344ade7808c5d9725ebd608507d7b6ec1 0.0s done
#15 naming to docker.io/library/premium-lms-qa:local done
#15 unpacking to docker.io/library/premium-lms-qa:local
#15 unpacking to docker.io/library/premium-lms-qa:local 1.3s done
#15 DONE 3.5s
